[0m
> build · muse-spark-1.2-contributor-free
[0m
```
## STEP 1 — DELTA
NO_DELTA — REAL SUBDOMAIN INVENTORY 0 lines, LIVE HIGH-VALUE HOSTS none, 0 probes executed this cycle (latest robot probes 2026-09-17 to 2026-09-18 all empty) — matches KNOWLEDGE BASE 2026-08-27 through 2026-09-18 ctx.txt:245/246
[SCOPE_MISMATCH] directive-template 5-target duocircle/emsisoft/docker/posit/coxautomotive vs SCOPE header google/microsoft bounty — header authoritative, probe_allow `google|microsoft|azure|live|office|bing|msn` enforced per scope.yml:16 — no probe outside allow

## STEP 2 — PRIORITIZE
[PRIO google] asset: none — inventory empty real-subdomains.txt 0 lines — cannot score — 0*0.25+0*0.25+0*0.15+0*0.15+0*0.10+0*0.10 = 0.00 (attack 0,business 0,tech 0,gate 0,cloud 0,fresh 0)
[PRIO microsoft] asset: none — inventory empty, 222 hosts transient historically not persisted — cannot score — 0.00 (attack 0,business 0,tech 0,gate 0,cloud 0,fresh 0)
— No asset qualifies for prioritization until inventory persisted.

## STEP 3 — HYPOTHESES
[HYP NONE]
reason: REAL SUBDOMAIN INVENTORY empty, LIVE HIGH-VALUE HOSTS none — inventing hostname violates HARD RULE, 0 deep authz/IDOR/SSRF/OAuth probes executed, insufficient evidence per KNOWLEDGE BASE 2026-08-27 through 2026-09-18

## STEP 4 — SELF-CRITIQUE
[PARKED] none to park — [HYP NONE] correctly emitted, no confidence <70 hypothesis created, no REJECTED class used, no invented asset
[FINAL] none — 0 hypotheses survive — re-rank N/A

## STEP 5 — NEXT ACTION
[NEXT] SCAN: Build inventory first — parse existing 200 responses from https://api.certspotter.com/v1/issuances?domain=google.com&expand=dns_names, https://api.certspotter.com/v1/issuances?domain=microsoft.com&expand=dns_names, https://crt.sh/?q=%.google.com&output=json, https://crt.sh/?q=%.microsoft.com&output=json -> extract dns_names/common_name, dedupe, filter to probe_allow `google|microsoft|azure|live|office|bing|msn`, persist to real-subdomains.txt, then liveness GET https://<host> with Host header validation — PASSIVE only, no intrusive probes

## STEP 6 — LEARNING
[LEARN] NONE @ google: no class ACCEPTED/REJECTED — insufficient evidence (inventory empty 0 lines, 0 deep authz/IDOR/SSRF/OAuth probes executed, certspotter/crt.sh 200 not yet parsed, liveness not mapped) matches KNOWLEDGE BASE 2026-08-27 through 2026-09-18 ctx.txt:245
[LEARN] NONE @ microsoft: no class ACCEPTED/REJECTED — insufficient evidence (inventory empty 222 transient not persisted, 0 deep probes, liveness not mapped) matches KNOWLEDGE BASE 2026-08-27 through 2026-09-18 ctx.txt:246
[LEARN] SCOPE_MISMATCH @ directive-template: template 5-target duocircle/emsisoft/docker/posit/coxautomotive vs SCOPE header google/microsoft bounty — header authoritative, probe_allow `google|microsoft|azure|live|office|bing|msn` enforced per scope.yml:16 — no probe outside allow

## STEP 7 — RISK SCORE
[RISK] 5 — inventory empty, 0 attack surface enumerated, 0 deep probes executed historically, no anomalies to triage; exposure is unknown until CT inventory parsed and liveness mapped — no evidence of exploitable class
```
